// Jest Snapshot v1, https://goo.gl/fbAQLP

exports[`SnippetCardRow renders 1`] = `
<DocumentFragment>
  <mock-simplecardrow
    content="some snippet"
    contentclassname="snippet"
    label="Snippet"
    rowkey="Snippet--1"
  />
</DocumentFragment>
`;

exports[`SnippetCardRow renders: SimpleCardRow props 1`] = `
{
  "content": "some snippet",
  "contentClassName": "snippet",
  "label": "Snippet",
  "rowKey": "Snippet--1",
}
`;
